Microsoft Windows [Version 10.0.14393]
(c) 2016 Microsoft Corporation. All rights reserved.

C:\Users\iandy>cd Desktop/DojoAssignments

C:\Users\iandy\Desktop\DojoAssignments>git init
Initialized empty Git repository in C:/Users/iandy/Desktop/DojoAssignments/.git/

C:\Users\iandy\Desktop\DojoAssignments>git add .

C:\Users\iandy\Desktop\DojoAssignments>git commit -m "created MEAN, Python, Ruby, WebFundamentals dir"
[master (root-commit) 24616a8] created MEAN, Python, Ruby, WebFundamentals dir
 15 files changed, 330 insertions(+)
 create mode 100644 MEAN/about.txt
 create mode 100644 Python/about.txt
 create mode 100644 Ruby/about.txt
 create mode 100644 WebFundamentals/CSS/about.txt
 create mode 100644 WebFundamentals/Git/TownSquare.jpg
 create mode 100644 WebFundamentals/Git/about.txt
 create mode 100644 WebFundamentals/Git/assignments.txt
 create mode 100644 WebFundamentals/HTML/about.txt
 create mode 100644 WebFundamentals/HTML/fake_blog.html
 create mode 100644 WebFundamentals/HTML/hello_world.html
 create mode 100644 WebFundamentals/HTML/indent_prac.html
 create mode 100644 WebFundamentals/HTML/indentation.html
 create mode 100644 WebFundamentals/HTML/reg_form.html
 create mode 100644 WebFundamentals/JavaScript/about.txt
 create mode 100644 WebFundamentals/about.txt

C:\Users\iandy\Desktop\DojoAssignments>git remote add origin https://github.com/iliandy/DojoAssignments.git

C:\Users\iandy\Desktop\DojoAssignments>git push -u origin master
Counting objects: 13, done.
Delta compression using up to 4 threads.
Compressing objects: 100% (10/10), done.
Writing objects: 100% (13/13), 108.83 KiB | 0 bytes/s, done.
Total 13 (delta 0), reused 0 (delta 0)
To https://github.com/iliandy/DojoAssignments.git
 * [new branch]      master -> master
Branch master set up to track remote branch master from origin.

C:\Users\iandy\Desktop\DojoAssignments>copy nul readme.md
        1 file(s) copied.

C:\Users\iandy\Desktop\DojoAssignments>readme.md

C:\Users\iandy\Desktop\DojoAssignments>git status
On branch master
Your branch is up-to-date with 'origin/master'.
Untracked files:
  (use "git add <file>..." to include in what will be committed)

        readme.md

nothing added to commit but untracked files present (use "git add" to track)

C:\Users\iandy\Desktop\DojoAssignments>git add .

C:\Users\iandy\Desktop\DojoAssignments>git commit -m "created readme.md file"
[master 5591f1d] created readme.md file
 1 file changed, 1 insertion(+)
 create mode 100644 readme.md

C:\Users\iandy\Desktop\DojoAssignments>git push -u origin master
Counting objects: 3, done.
Delta compression using up to 4 threads.
Compressing objects: 100% (3/3), done.
Writing objects: 100% (3/3), 369 bytes | 0 bytes/s, done.
Total 3 (delta 1), reused 0 (delta 0)
remote: Resolving deltas: 100% (1/1), completed with 1 local objects.
To https://github.com/iliandy/DojoAssignments.git
   24616a8..5591f1d  master -> master
Branch master set up to track remote branch master from origin.

C:\Users\iandy\Desktop\DojoAssignments>